
> ecommerce-app@0.1.0 build
> next build

Γû▓ Next.js 16.1.6 (Turbopack)
- Environments: .env.local

  Creating an optimized production build ...
node.exe : 
At C:\Users\AnuragSri
vastava\AppData\Roami
ng\npm\npm.ps1:24 
char:5
+     & "node$exe"  "
$basedir/node_modules
/npm/bin/npm-cli.js" 
$args
+     ~~~~~~~~~~~~~~~
~~~~~~~~~~~~~~~~~~~~~
~~~~~~~~~~~~~~~~~~~~~
~~~~~
    + CategoryInfo   
           : NotSpe  
  cified: (:String   
 ) [], RemoteExce    
ption
    + FullyQualified 
   ErrorId : Native  
  CommandError
 
> Build error 
occurred
Error: Turbopack 
build failed with 4 
errors:
./src/app/admin/coupo
ns/page.tsx:1:1
Module not found: 
Can't resolve 
'@/lib/fs-db'
[0m[31m[1m>[22m[
39m[90m 1 |[39m 
[36mimport[39m { 
db } [36mfrom[39m 
[32m'@/lib/fs-db'[39
m[33m;[39m
 [90m   |[39m [31m
[1m^[22m[39m[31m
[1m^[22m[39m[31m[
1m^[22m[39m[31m[1
m^[22m[39m[31m[1m
^[22m[39m[31m[1m^
[22m[39m[31m[1m^
[22m[39m[31m[1m^[
22m[39m[31m[1m^[2
2m[39m[31m[1m^[22
m[39m[31m[1m^[22m
[39m[31m[1m^[22m
[39m[31m[1m^[22m[
39m[31m[1m^[22m[3
9m[31m[1m^[22m[39
m[31m[1m^[22m[39m
[31m[1m^[22m[39m
[31m[1m^[22m[39m[
31m[1m^[22m[39m[3
1m[1m^[22m[39m[31
m[1m^[22m[39m[31m
[1m^[22m[39m[31m
[1m^[22m[39m[31m[
1m^[22m[39m[31m[1
m^[22m[39m[31m[1m
^[22m[39m[31m[1m^
[22m[39m[31m[1m^
[22m[39m[31m[1m^[
22m[39m[31m[1m^[2
2m[39m[31m[1m^[22
m[39m[31m[1m^[22m
[39m[31m[1m^[22m
[39m
 [90m 2 |[39m 
[36mimport[39m 
[33mLink[39m 
[36mfrom[39m [32m'
next/link'[39m[33m;
[39m
 [90m 3 |[39m 
[36mimport[39m { [
33mPlus[39m[33m,[3
9m [33mTag[39m[33m
,[39m [33mTrash2[3
9m[33m,[39m 
[33mEdit[39m } 
[36mfrom[39m [32m'
lucide-react'[39m[3
3m;[39m
 [90m 4 |[39m[0m

Import map: aliased 
to relative 
'./src/lib/fs-db' 
inside of [project]/


https://nextjs.org/do
cs/messages/module-no
t-found


./src/app/admin/page.
tsx:1:1
Module not found: 
Can't resolve 
'@/lib/fs-db'
[0m[31m[1m>[22m[
39m[90m 1 |[39m 
[36mimport[39m { 
db } [36mfrom[39m 
[32m'@/lib/fs-db'[39
m[33m;[39m
 [90m   |[39m [31m
[1m^[22m[39m[31m
[1m^[22m[39m[31m[
1m^[22m[39m[31m[1
m^[22m[39m[31m[1m
^[22m[39m[31m[1m^
[22m[39m[31m[1m^
[22m[39m[31m[1m^[
22m[39m[31m[1m^[2
2m[39m[31m[1m^[22
m[39m[31m[1m^[22m
[39m[31m[1m^[22m
[39m[31m[1m^[22m[
39m[31m[1m^[22m[3
9m[31m[1m^[22m[39
m[31m[1m^[22m[39m
[31m[1m^[22m[39m
[31m[1m^[22m[39m[
31m[1m^[22m[39m[3
1m[1m^[22m[39m[31
m[1m^[22m[39m[31m
[1m^[22m[39m[31m
[1m^[22m[39m[31m[
1m^[22m[39m[31m[1
m^[22m[39m[31m[1m
^[22m[39m[31m[1m^
[22m[39m[31m[1m^
[22m[39m[31m[1m^[
22m[39m[31m[1m^[2
2m[39m[31m[1m^[22
m[39m[31m[1m^[22m
[39m[31m[1m^[22m
[39m
 [90m 2 |[39m 
[36mimport[39m { 
supabaseAdmin } 
[36mfrom[39m [32m'
@/lib/supabase'[39m
[33m;[39m
 [90m 3 |[39m 
[36mimport[39m { [
33mUsers[39m[33m,[
39m [33mTrendingUp[
39m[33m,[39m [33mA
lertTriangle[39m } 
[36mfrom[39m [32m'
lucide-react'[39m[3
3m;[39m
 [90m 4 |[39m 
[36mimport[39m [33
mAdminAnalytics[39m 
[36mfrom[39m [32m'
@/components/AdminAna
lytics'[39m[33m;[3
9m[0m

Import map: aliased 
to relative 
'./src/lib/fs-db' 
inside of [project]/


https://nextjs.org/do
cs/messages/module-no
t-found


./src/app/admin/produ
cts/page.tsx:1:1
Module not found: 
Can't resolve 
'@/lib/fs-db'
[0m[31m[1m>[22m[
39m[90m 1 |[39m 
[36mimport[39m { 
db } [36mfrom[39m 
[32m'@/lib/fs-db'[39
m[33m;[39m
 [90m   |[39m [31m
[1m^[22m[39m[31m
[1m^[22m[39m[31m[
1m^[22m[39m[31m[1
m^[22m[39m[31m[1m
^[22m[39m[31m[1m^
[22m[39m[31m[1m^
[22m[39m[31m[1m^[
22m[39m[31m[1m^[2
2m[39m[31m[1m^[22
m[39m[31m[1m^[22m
[39m[31m[1m^[22m
[39m[31m[1m^[22m[
39m[31m[1m^[22m[3
9m[31m[1m^[22m[39
m[31m[1m^[22m[39m
[31m[1m^[22m[39m
[31m[1m^[22m[39m[
31m[1m^[22m[39m[3
1m[1m^[22m[39m[31
m[1m^[22m[39m[31m
[1m^[22m[39m[31m
[1m^[22m[39m[31m[
1m^[22m[39m[31m[1
m^[22m[39m[31m[1m
^[22m[39m[31m[1m^
[22m[39m[31m[1m^
[22m[39m[31m[1m^[
22m[39m[31m[1m^[2
2m[39m[31m[1m^[22
m[39m[31m[1m^[22m
[39m[31m[1m^[22m
[39m
 [90m 2 |[39m 
[36mimport[39m 
[33mLink[39m 
[36mfrom[39m [32m'
next/link'[39m[33m;
[39m
 [90m 3 |[39m 
[36mimport[39m { [
33mPlus[39m[33m,[3
9m [33mEdit[39m[33
m,[39m 
[33mPackage[39m } 
[36mfrom[39m [32m'
lucide-react'[39m[3
3m;[39m
 [90m 4 |[39m[0m

Import map: aliased 
to relative 
'./src/lib/fs-db' 
inside of [project]/


https://nextjs.org/do
cs/messages/module-no
t-found


./src/app/admin/setti
ngs/page.tsx:1:1
Module not found: 
Can't resolve 
'@/lib/fs-db'
[0m[31m[1m>[22m[
39m[90m 1 |[39m 
[36mimport[39m { 
db } [36mfrom[39m 
[32m'@/lib/fs-db'[39
m[33m;[39m
 [90m   |[39m [31m
[1m^[22m[39m[31m
[1m^[22m[39m[31m[
1m^[22m[39m[31m[1
m^[22m[39m[31m[1m
^[22m[39m[31m[1m^
[22m[39m[31m[1m^
[22m[39m[31m[1m^[
22m[39m[31m[1m^[2
2m[39m[31m[1m^[22
m[39m[31m[1m^[22m
[39m[31m[1m^[22m
[39m[31m[1m^[22m[
39m[31m[1m^[22m[3
9m[31m[1m^[22m[39
m[31m[1m^[22m[39m
[31m[1m^[22m[39m
[31m[1m^[22m[39m[
31m[1m^[22m[39m[3
1m[1m^[22m[39m[31
m[1m^[22m[39m[31m
[1m^[22m[39m[31m
[1m^[22m[39m[31m[
1m^[22m[39m[31m[1
m^[22m[39m[31m[1m
^[22m[39m[31m[1m^
[22m[39m[31m[1m^
[22m[39m[31m[1m^[
22m[39m[31m[1m^[2
2m[39m[31m[1m^[22
m[39m[31m[1m^[22m
[39m[31m[1m^[22m
[39m
 [90m 2 |[39m 
[36mimport[39m [33
mSettingsForm[39m 
[36mfrom[39m [32m'
@/components/admin/Se
ttingsForm'[39m[33m
;[39m
 [90m 3 |[39m
 [90m 4 |[39m 
[36mexport[39m 
[36mdefault[39m 
[36masync[39m 
[36mfunction[39m [
33mSettingsPage[39m(
) {[0m

Import map: aliased 
to relative 
'./src/lib/fs-db' 
inside of [project]/


https://nextjs.org/do
cs/messages/module-no
t-found


    at <unknown> (./s
rc/app/admin/coupons/
page.tsx:1:1)
    at <unknown> (htt
ps://nextjs.org/docs/
messages/module-not-f
ound)
    at <unknown> (./s
rc/app/admin/page.tsx
:1:1)
    at <unknown> (htt
ps://nextjs.org/docs/
messages/module-not-f
ound)
    at <unknown> (./s
rc/app/admin/products
/page.tsx:1:1)
    at <unknown> (htt
ps://nextjs.org/docs/
messages/module-not-f
ound)
    at <unknown> (./s
rc/app/admin/settings
/page.tsx:1:1)
    at <unknown> (htt
ps://nextjs.org/docs/
messages/module-not-f
ound)
